
Running 6 tests using 6 workers

[1A[2K[1/6] [chromium] 鈥?tests\e2e\gantt-ui-excel.spec.js:76:5 鈥?Gantt Chart UI Optimization & Excel Tests 鈥?TC-UI-004: View Selector Removed from Menu
[1A[2K[2/6] [chromium] 鈥?tests\e2e\gantt-ui-excel.spec.js:85:5 鈥?Gantt Chart UI Optimization & Excel Tests 鈥?TC-EX-001: Excel Export Structure (en-US)
[1A[2K[3/6] [chromium] 鈥?tests\e2e\gantt-ui-excel.spec.js:19:5 鈥?Gantt Chart UI Optimization & Excel Tests 鈥?TC-UI-001 & TC-UI-002: Zoom Controls & View Selector
[1A[2K[4/6] [chromium] 鈥?tests\e2e\gantt-ui-excel.spec.js:52:5 鈥?Gantt Chart UI Optimization & Excel Tests 鈥?TC-UI-003: Today Button
[1A[2K[5/6] [chromium] 鈥?tests\e2e\gantt-ui-excel.spec.js:100:5 鈥?Gantt Chart UI Optimization & Excel Tests 鈥?TC-IM-001: Excel Import (Round Trip) with Data Verification
[1A[2K[6/6] [chromium] 鈥?tests\e2e\gantt-ui-excel.spec.js:159:5 鈥?Gantt Chart UI Optimization & Excel Tests 鈥?TC-IM-002: Cross-Language Import (Zh Export -> En Import) with Localization Check
[1A[2K  1) [chromium] 鈥?tests\e2e\gantt-ui-excel.spec.js:19:5 鈥?Gantt Chart UI Optimization & Excel Tests 鈥?TC-UI-001 & TC-UI-002: Zoom Controls & View Selector 

    Error: page.goto: net::ERR_CONNECTION_REFUSED at http://localhost:5173/
    Call log:
    [2m  - navigating to "http://localhost:5173/", waiting until "load"[22m


      12 |         page.on('console', msg => console.log(`BROWSER_LOG: ${msg.text()}`));
      13 |
    > 14 |         await page.goto('http://localhost:5173/');
         |                    ^
      15 |         // Wait for Gantt to be ready
      16 |         await page.waitForSelector('.gantt_task');
      17 |     });
        at C:\Users\24408\Desktop\鏂板缓鏂囦欢澶筡tests\e2e\gantt-ui-excel.spec.js:14:20


[1A[2K  2) [chromium] 鈥?tests\e2e\gantt-ui-excel.spec.js:76:5 鈥?Gantt Chart UI Optimization & Excel Tests 鈥?TC-UI-004: View Selector Removed from Menu 

    Error: page.goto: net::ERR_CONNECTION_REFUSED at http://localhost:5173/
    Call log:
    [2m  - navigating to "http://localhost:5173/", waiting until "load"[22m


      12 |         page.on('console', msg => console.log(`BROWSER_LOG: ${msg.text()}`));
      13 |
    > 14 |         await page.goto('http://localhost:5173/');
         |                    ^
      15 |         // Wait for Gantt to be ready
      16 |         await page.waitForSelector('.gantt_task');
      17 |     });
        at C:\Users\24408\Desktop\鏂板缓鏂囦欢澶筡tests\e2e\gantt-ui-excel.spec.js:14:20


[1A[2K  3) [chromium] 鈥?tests\e2e\gantt-ui-excel.spec.js:85:5 鈥?Gantt Chart UI Optimization & Excel Tests 鈥?TC-EX-001: Excel Export Structure (en-US) 

    Error: page.goto: net::ERR_CONNECTION_REFUSED at http://localhost:5173/
    Call log:
    [2m  - navigating to "http://localhost:5173/", waiting until "load"[22m


      12 |         page.on('console', msg => console.log(`BROWSER_LOG: ${msg.text()}`));
      13 |
    > 14 |         await page.goto('http://localhost:5173/');
         |                    ^
      15 |         // Wait for Gantt to be ready
      16 |         await page.waitForSelector('.gantt_task');
      17 |     });
        at C:\Users\24408\Desktop\鏂板缓鏂囦欢澶筡tests\e2e\gantt-ui-excel.spec.js:14:20


[1A[2K  4) [chromium] 鈥?tests\e2e\gantt-ui-excel.spec.js:159:5 鈥?Gantt Chart UI Optimization & Excel Tests 鈥?TC-IM-002: Cross-Language Import (Zh Export -> En Import) with Localization Check 

    Error: page.goto: net::ERR_CONNECTION_REFUSED at http://localhost:5173/
    Call log:
    [2m  - navigating to "http://localhost:5173/", waiting until "load"[22m


      12 |         page.on('console', msg => console.log(`BROWSER_LOG: ${msg.text()}`));
      13 |
    > 14 |         await page.goto('http://localhost:5173/');
         |                    ^
      15 |         // Wait for Gantt to be ready
      16 |         await page.waitForSelector('.gantt_task');
      17 |     });
        at C:\Users\24408\Desktop\鏂板缓鏂囦欢澶筡tests\e2e\gantt-ui-excel.spec.js:14:20


[1A[2K  5) [chromium] 鈥?tests\e2e\gantt-ui-excel.spec.js:52:5 鈥?Gantt Chart UI Optimization & Excel Tests 鈥?TC-UI-003: Today Button 

    Error: page.goto: net::ERR_CONNECTION_REFUSED at http://localhost:5173/
    Call log:
    [2m  - navigating to "http://localhost:5173/", waiting until "load"[22m


      12 |         page.on('console', msg => console.log(`BROWSER_LOG: ${msg.text()}`));
      13 |
    > 14 |         await page.goto('http://localhost:5173/');
         |                    ^
      15 |         // Wait for Gantt to be ready
      16 |         await page.waitForSelector('.gantt_task');
      17 |     });
        at C:\Users\24408\Desktop\鏂板缓鏂囦欢澶筡tests\e2e\gantt-ui-excel.spec.js:14:20


[1A[2K  6) [chromium] 鈥?tests\e2e\gantt-ui-excel.spec.js:100:5 鈥?Gantt Chart UI Optimization & Excel Tests 鈥?TC-IM-001: Excel Import (Round Trip) with Data Verification 

    Error: page.goto: net::ERR_CONNECTION_REFUSED at http://localhost:5173/
    Call log:
    [2m  - navigating to "http://localhost:5173/", waiting until "load"[22m


      12 |         page.on('console', msg => console.log(`BROWSER_LOG: ${msg.text()}`));
      13 |
    > 14 |         await page.goto('http://localhost:5173/');
         |                    ^
      15 |         // Wait for Gantt to be ready
      16 |         await page.waitForSelector('.gantt_task');
      17 |     });
        at C:\Users\24408\Desktop\鏂板缓鏂囦欢澶筡tests\e2e\gantt-ui-excel.spec.js:14:20


[1A[2K  6 failed
    [chromium] 鈥?tests\e2e\gantt-ui-excel.spec.js:19:5 鈥?Gantt Chart UI Optimization & Excel Tests 鈥?TC-UI-001 & TC-UI-002: Zoom Controls & View Selector 
    [chromium] 鈥?tests\e2e\gantt-ui-excel.spec.js:52:5 鈥?Gantt Chart UI Optimization & Excel Tests 鈥?TC-UI-003: Today Button 
    [chromium] 鈥?tests\e2e\gantt-ui-excel.spec.js:76:5 鈥?Gantt Chart UI Optimization & Excel Tests 鈥?TC-UI-004: View Selector Removed from Menu 
    [chromium] 鈥?tests\e2e\gantt-ui-excel.spec.js:85:5 鈥?Gantt Chart UI Optimization & Excel Tests 鈥?TC-EX-001: Excel Export Structure (en-US) 
    [chromium] 鈥?tests\e2e\gantt-ui-excel.spec.js:100:5 鈥?Gantt Chart UI Optimization & Excel Tests 鈥?TC-IM-001: Excel Import (Round Trip) with Data Verification 
    [chromium] 鈥?tests\e2e\gantt-ui-excel.spec.js:159:5 鈥?Gantt Chart UI Optimization & Excel Tests 鈥?TC-IM-002: Cross-Language Import (Zh Export -> En Import) with Localization Check 

[36m  Serving HTML report at http://localhost:56237. Press Ctrl+C to quit.[39m
